[:debug] http request: GET /packageinfo
[:debug] http response: {"status":200,"headers":{"date":"Mon, 17 Nov 2025 14:20:43 GMT","content-type":"application/json","transfer-encoding":"chunked","connection":"keep-alive","access-control-allow-methods":"GET, POST, PUT, OPTIONS,PATCH","access-control-allow-headers":"Pragma,DNT,X-CustomHeader,Keep-Alive,User-Agent,X-Requested-With,If-Modified-Since,Cache-Control,Content-Type,Content-Range,Range,Authorization,username,traceparent,tracestate","access-control-expose-headers":"Pragma,DNT,X-CustomHeader,Keep-Alive,User-Agent,X-Requested-With,If-Modified-Since,Cache-Control,Content-Type,Content-Range,Range","cf-cache-status":"DYNAMIC","server":"cloudflare","cf-ray":"99ffded2bd2773e0-JNB"},"body":{"data":{"latestVersion":"4.1.44","deprecated":false,"additionalDescription":"If you face any problems executing tests, upgrade your node version to v20.3 or above","additionalDescriptionLatestVersion":"If you face any problems executing tests, upgrade your node version to v20.3 or above"}}}
LambdaTest SmartUI CLI v4.1.43
[33mIf you face any problems executing tests, upgrade your node version to v20.3 or above[39m
[32mA new version 4.1.44 is available![39m
[auth:debug] http request: GET /token/verify
[auth:debug] http response: {"status":200,"headers":{"date":"Mon, 17 Nov 2025 14:20:44 GMT","content-type":"application/json","transfer-encoding":"chunked","connection":"keep-alive","access-control-allow-methods":"GET, POST, PUT, OPTIONS,PATCH","access-control-allow-headers":"Pragma,DNT,X-CustomHeader,Keep-Alive,User-Agent,X-Requested-With,If-Modified-Since,Cache-Control,Content-Type,Content-Range,Range,Authorization,username,traceparent,tracestate","access-control-expose-headers":"Pragma,DNT,X-CustomHeader,Keep-Alive,User-Agent,X-Requested-With,If-Modified-Since,Cache-Control,Content-Type,Content-Range,Range","cf-cache-status":"DYNAMIC","server":"cloudflare","cf-ray":"99ffded6198773e0-JNB"},"body":{"status":"Success","message":"Project Token Successfully Verified","projectToken":"2827339#01K9ZPEJMFEYRM5XQ31KA2A13Q#SmartUI-Visual-Testing","orgId":2827339,"userId":2962144}}
[startServer:debug] {"level":30,"time":1763389190643,"pid":19244,"hostname":"DESKTOP-2M3M9D7","msg":"Server listening at http://[::1]:49152"}
[startServer:debug] {"level":30,"time":1763389190647,"pid":19244,"hostname":"DESKTOP-2M3M9D7","msg":"Server listening at http://127.0.0.1:49152"}
[startServer:debug] Server started successfully on port 49152
[createBuild:debug] http request: POST /build
[createBuild:debug] {"git":{"branch":"master","commitId":"11b6d49","commitMessage":"Merge remote-tracking branch 'origin/master'","commitAuthor":"sammex45","githubURL":"","baselineBranch":""},"config":{"web":{"browsers":["chrome","firefox"],"viewports":[{"width":1920,"height":1080},{"width":1366,"height":768},{"width":1024,"height":768}]},"waitForPageRender":0,"waitForTimeout":1000,"waitForDiscovery":30000,"enableJavaScript":true,"cliEnableJavaScript":true,"scrollTime":8,"allowedHostnames":["localhost"],"allowedAssets":[],"smartIgnore":false,"delayedUpload":false,"useGlobalCache":false,"ignoreHTTPSErrors":false,"skipBuildCreation":false,"dedicatedProxyURL":"","geolocation":"","userAgent":"","requestHeaders":{},"allowDuplicateSnapshotNames":false,"useLambdaInternal":false,"useRemoteDiscovery":false,"useExtendedViewport":false,"loadDomContent":false,"showRenderErrors":false},"buildName":"","isStartExec":false,"packageVersion":"4.1.43","smartGit":false,"markBaseline":false,"baselineBuild":"","scheduled":""}
[createBuild:debug] http response: {"status":200,"headers":{"date":"Mon, 17 Nov 2025 14:20:46 GMT","content-type":"application/json","transfer-encoding":"chunked","connection":"keep-alive","access-control-allow-methods":"GET, POST, PUT, OPTIONS,PATCH","access-control-allow-headers":"Pragma,DNT,X-CustomHeader,Keep-Alive,User-Agent,X-Requested-With,If-Modified-Since,Cache-Control,Content-Type,Content-Range,Range,Authorization,username,traceparent,tracestate","access-control-expose-headers":"Pragma,DNT,X-CustomHeader,Keep-Alive,User-Agent,X-Requested-With,If-Modified-Since,Cache-Control,Content-Type,Content-Range,Range","cf-cache-status":"DYNAMIC","server":"cloudflare","cf-ray":"99ffdedd9b8b73e0-JNB"},"body":{"data":{"buildURL":"https://smartui.lambdatest.com/builds/01K9ZPEJMFEYRM5XQ31KA2A13Q?searchBuild=smartui-731caa644e","buildId":"619c4550-dbd6-404e-92ee-4a3fa45a6ed6","buildName":"smartui-731caa644e","baseline":false,"gdprCompliance":false,"useKafkaFlow":true,"useDedicatedProxy":false,"removeHtmlComments":false,"checkPendingRequests":false}}}
[exec:debug] {"level":30,"time":1763389198210,"pid":19244,"hostname":"DESKTOP-2M3M9D7","reqId":"req-1","req":{"method":"GET","url":"/healthcheck","hostname":"localhost:49152","remoteAddress":"::1","remotePort":52540},"msg":"incoming request"}
[exec:debug] {"level":30,"time":1763389198215,"pid":19244,"hostname":"DESKTOP-2M3M9D7","reqId":"req-1","res":{"statusCode":200},"responseTime":3.933199994266033,"msg":"request completed"}
[exec:debug] {"level":30,"time":1763389203566,"pid":19244,"hostname":"DESKTOP-2M3M9D7","reqId":"req-2","req":{"method":"GET","url":"/healthcheck","hostname":"localhost:49152","remoteAddress":"::1","remotePort":52568},"msg":"incoming request"}
[exec:debug] {"level":30,"time":1763389203567,"pid":19244,"hostname":"DESKTOP-2M3M9D7","reqId":"req-2","res":{"statusCode":200},"responseTime":0.5671999976038933,"msg":"request completed"}
[exec:debug] {"level":30,"time":1763389203570,"pid":19244,"hostname":"DESKTOP-2M3M9D7","reqId":"req-3","req":{"method":"GET","url":"/healthcheck","hostname":"localhost:49152","remoteAddress":"::1","remotePort":52569},"msg":"incoming request"}
[exec:debug] {"level":30,"time":1763389203570,"pid":19244,"hostname":"DESKTOP-2M3M9D7","reqId":"req-3","res":{"statusCode":200},"responseTime":0.43400000035762787,"msg":"request completed"}
[exec:debug] {"level":30,"time":1763389203573,"pid":19244,"hostname":"DESKTOP-2M3M9D7","reqId":"req-4","req":{"method":"GET","url":"/domserializer","hostname":"localhost:49152","remoteAddress":"::1","remotePort":52570},"msg":"incoming request"}
[exec:debug] {"level":30,"time":1763389203574,"pid":19244,"hostname":"DESKTOP-2M3M9D7","reqId":"req-4","res":{"statusCode":200},"responseTime":0.9759999960660934,"msg":"request completed"}
[exec:debug] {"level":30,"time":1763389203707,"pid":19244,"hostname":"DESKTOP-2M3M9D7","reqId":"req-5","req":{"method":"POST","url":"/snapshot","hostname":"localhost:49152","remoteAddress":"::1","remotePort":52570},"msg":"incoming request"}
[exec:debug] http request: GET /sessions/capabilities
[exec:debug] {"git":{"branch":"master","commitId":"11b6d49","commitMessage":"Merge remote-tracking branch 'origin/master'","commitAuthor":"sammex45","githubURL":"","baselineBranch":""},"config":{"web":{"browsers":["chrome","firefox"],"viewports":[{"width":1920,"height":1080},{"width":1366,"height":768},{"width":1024,"height":768}]},"waitForPageRender":0,"waitForTimeout":1000,"waitForDiscovery":30000,"enableJavaScript":true,"cliEnableJavaScript":true,"scrollTime":8,"allowedHostnames":["localhost"],"allowedAssets":[],"smartIgnore":false,"delayedUpload":false,"useGlobalCache":false,"ignoreHTTPSErrors":false,"skipBuildCreation":false,"dedicatedProxyURL":"","geolocation":"","userAgent":"","requestHeaders":{},"allowDuplicateSnapshotNames":false,"useLambdaInternal":false,"useRemoteDiscovery":false,"useExtendedViewport":false,"loadDomContent":false,"showRenderErrors":false},"isStartExec":false,"baselineBuild":""}
[exec:debug] http response: {"status":404,"headers":{"date":"Mon, 17 Nov 2025 14:20:58 GMT","content-type":"text/plain; charset=utf-8","content-length":"31","connection":"keep-alive","cf-ray":"99ffdf2f5cbae3c0-LIS","x-content-type-options":"nosniff","cf-cache-status":"DYNAMIC","server":"cloudflare"},"body":{"error":"Session not found"}}
[exec:debug] Failed to fetch capabilities for sessionId f04c6003079b466cb2c6d4563d28e223: [object Object]
[exec:debug] Using local discovery
[discovery:debug] Processing snapshot Home Page - Full View http://localhost:3000/
[discovery:debug] {"level":30,"time":1763389204479,"pid":19244,"hostname":"DESKTOP-2M3M9D7","reqId":"req-5","res":{"statusCode":200},"responseTime":772.061899997294,"msg":"request completed"}
[discovery:debug] Chromium launched with options {"headless":true,"args":["--disable-features=Translate,OptimizationGuideModelDownloading","--disable-background-networking","--disable-background-timer-throttling","--disable-renderer-backgrounding","--disable-backgrounding-occluded-windows","--disable-breakpad","--disable-client-side-phishing-detection","--disable-component-extensions-with-background-pages","--disable-default-apps","--disable-dev-shm-usage","--disable-extensions","--disable-hang-monitor","--disable-ipc-flooding-protection","--disable-notifications","--disable-prompt-on-repost","--disable-sync","--disable-site-isolation-trials","--no-first-run","--no-sandbox","--password-store=basic","--use-mock-keychain","--remote-debugging-port=0","--disable-blink-features=AutomationControlled","--disable-features=UserAgentClientHint"]}
[discovery:debug] Browser context created with options {"javaScriptEnabled":true,"ignoreHTTPSErrors":false,"userAgent":"Mozilla/5.0 (Windows NT 10.0; Win64; x64) AppleWebKit/537.36 (KHTML, like Gecko) Chrome/123.0.6312.107 Safari/537.3"}
[discovery:debug] Snapshot options: {"sessionId":"f04c6003079b466cb2c6d4563d28e223"}
[discovery:debug] Processed options: {"sessionId":"f04c6003079b466cb2c6d4563d28e223"}
[discovery:debug] Page resized to 1920x1080
[discovery:debug] globalViewport : 1920x1080
[discovery:debug] Handling request http://localhost:3000/
 - skipping root resource
[discovery:debug] Resource not found in cache or global cache http://localhost:3000/static/js/bundle.js fetching from server
[discovery:debug] Handling request http://localhost:3000/static/js/bundle.js
 - content-type application/javascript; charset=utf-8
[discovery:debug] {"level":30,"time":1763389207054,"pid":19244,"hostname":"DESKTOP-2M3M9D7","reqId":"req-6","req":{"method":"GET","url":"/healthcheck","hostname":"localhost:49152","remoteAddress":"::1","remotePort":52570},"msg":"incoming request"}
[discovery:debug] {"level":30,"time":1763389207055,"pid":19244,"hostname":"DESKTOP-2M3M9D7","reqId":"req-6","res":{"statusCode":200},"responseTime":0.5247000008821487,"msg":"request completed"}
[discovery:debug] {"level":30,"time":1763389207066,"pid":19244,"hostname":"DESKTOP-2M3M9D7","reqId":"req-7","req":{"method":"GET","url":"/healthcheck","hostname":"localhost:49152","remoteAddress":"::1","remotePort":52578},"msg":"incoming request"}
[discovery:debug] {"level":30,"time":1763389207067,"pid":19244,"hostname":"DESKTOP-2M3M9D7","reqId":"req-7","res":{"statusCode":200},"responseTime":0.29749999940395355,"msg":"request completed"}
[discovery:debug] {"level":30,"time":1763389207068,"pid":19244,"hostname":"DESKTOP-2M3M9D7","reqId":"req-8","req":{"method":"GET","url":"/domserializer","hostname":"localhost:49152","remoteAddress":"::1","remotePort":52579},"msg":"incoming request"}
[discovery:debug] {"level":30,"time":1763389207070,"pid":19244,"hostname":"DESKTOP-2M3M9D7","reqId":"req-8","res":{"statusCode":200},"responseTime":0.8984000012278557,"msg":"request completed"}
[discovery:debug] {"level":30,"time":1763389207168,"pid":19244,"hostname":"DESKTOP-2M3M9D7","reqId":"req-9","req":{"method":"POST","url":"/snapshot","hostname":"localhost:49152","remoteAddress":"::1","remotePort":52579},"msg":"incoming request"}
[discovery:debug] http request: GET /sessions/capabilities
[discovery:debug] {"git":{"branch":"master","commitId":"11b6d49","commitMessage":"Merge remote-tracking branch 'origin/master'","commitAuthor":"sammex45","githubURL":"","baselineBranch":""},"config":{"web":{"browsers":["chrome","firefox"],"viewports":[{"width":1920,"height":1080},{"width":1366,"height":768},{"width":1024,"height":768}]},"waitForPageRender":0,"waitForTimeout":1000,"waitForDiscovery":30000,"enableJavaScript":true,"cliEnableJavaScript":true,"scrollTime":8,"allowedHostnames":["localhost","localhost","localhost"],"allowedAssets":[],"smartIgnore":false,"delayedUpload":false,"useGlobalCache":false,"ignoreHTTPSErrors":false,"skipBuildCreation":false,"dedicatedProxyURL":"","geolocation":"","userAgent":"","requestHeaders":{},"allowDuplicateSnapshotNames":false,"useLambdaInternal":false,"useRemoteDiscovery":false,"useExtendedViewport":false,"loadDomContent":false,"showRenderErrors":false},"isStartExec":false,"baselineBuild":""}
[discovery:debug] http response: {"status":404,"headers":{"date":"Mon, 17 Nov 2025 14:21:01 GMT","content-type":"text/plain; charset=utf-8","content-length":"31","connection":"keep-alive","cf-ray":"99ffdf423ed7e3c0-LIS","x-content-type-options":"nosniff","cf-cache-status":"DYNAMIC","server":"cloudflare"},"body":{"error":"Session not found"}}
[discovery:debug] Failed to fetch capabilities for sessionId f04c6003079b466cb2c6d4563d28e223: [object Object]
[discovery:debug] {"level":30,"time":1763389207486,"pid":19244,"hostname":"DESKTOP-2M3M9D7","reqId":"req-9","res":{"statusCode":200},"responseTime":318.47360000014305,"msg":"request completed"}
[discovery:debug] Navigated to http://localhost:3000/
[discovery:debug] Network idle 500ms
[discovery:debug] Processed options: {"sessionId":"f04c6003079b466cb2c6d4563d28e223"}
[discovery:debug] Page resized to 1366x768
[discovery:debug] globalViewport : 1366x768
[discovery:debug] Network idle 500ms
[discovery:debug] Processed options: {"sessionId":"f04c6003079b466cb2c6d4563d28e223"}
[discovery:debug] Page resized to 1024x768
[discovery:debug] globalViewport : 1024x768
[discovery:debug] Network idle 500ms
[discovery:debug] Processed options: {"sessionId":"f04c6003079b466cb2c6d4563d28e223"}
[discovery:debug] Uploading dom to S3 for snapshot using presigned URL
[discovery:debug] http request: POST /snapshotuploadurl
[discovery:debug] {"buildId":"619c4550-dbd6-404e-92ee-4a3fa45a6ed6","snapshotName":"Home Page - Full View","snapshotUuid":"e80d3a46-6862-40df-98ee-4f72bc3dda77"}
[discovery:debug] {"buildId":"619c4550-dbd6-404e-92ee-4a3fa45a6ed6","snapshotName":"Home Page - Full View","snapshotUuid":"e80d3a46-6862-40df-98ee-4f72bc3dda77"}
[discovery:debug] http response: {"status":200,"headers":{"date":"Mon, 17 Nov 2025 14:21:02 GMT","content-type":"application/json","transfer-encoding":"chunked","connection":"keep-alive","cf-ray":"99ffdf478828e3c0-LIS","access-control-allow-methods":"GET, POST, PUT, OPTIONS,PATCH","access-control-allow-headers":"Pragma,DNT,X-CustomHeader,Keep-Alive,User-Agent,X-Requested-With,If-Modified-Since,Cache-Control,Content-Type,Content-Range,Range,Authorization,username,traceparent,tracestate","access-control-expose-headers":"Pragma,DNT,X-CustomHeader,Keep-Alive,User-Agent,X-Requested-With,If-Modified-Since,Cache-Control,Content-Type,Content-Range,Range","cf-cache-status":"DYNAMIC","vary":"accept-encoding","server":"cloudflare"},"body":{"data":{"url":"https://prod-magicleap-dotlapse-artefact-v1.s3.amazonaws.com/org-2827339/01K9ZPEJMFEYRM5XQ31KA2A13Q/619c4550-dbd6-404e-92ee-4a3fa45a6ed6/dom/Home%20Page%20-%20Full%20View_e80d3a46-6862-40df-98ee-4f72bc3dda77.json?X-Amz-Algorithm=AWS4-HMAC-SHA256&X-Amz-Credential=ASIAZMOOJSX64GZGIFOC%2F20251117%2Fus-east-1%2Fs3%2Faws4_request&X-Amz-Date=20251117T142102Z&X-Amz-Expires=900&X-Amz-Security-Token=IQoJb3JpZ2luX2VjEOf%2F%2F%2F%2F%2F%2F%2F%2F%2F%2FwEaCXVzLWVhc3QtMSJIMEYCIQC%2FTttG8LgqBW16a%2B9p22xqDvsAHjZBybb4jFM4h%2F3gbwIhAIVE9H5Esljek5FKjYT54lkOCRxTRg2Jo4oF%2BQUwKTEXKokFCK%2F%2F%2F%2F%2F%2F%2F%2F%2F%2F%2FwEQARoMNjQ1MjE0NjA2ODQ1IgyurxlcP6tZ0QsU3uYq3QT62fbRkoApjEJcAJyoKJVcEG3P0VmpvEK%2Fbd9UKPwXyrn8%2BJEVnP5uiLtjowyX6qCLVjFRd00xXKnXG%2Bfzg3Q4H%2BN59lxcHvjM%2FZ4DMcYKPy6im2DDuLNSXxd0yDkL38WzzMf3xXNmFnHsaY3mfnZJZPK3a81DvbQ8FEMn6ToAM8qJ5CaGfutxFYUzX4a31tJHew3Y%2BXphkFRxSVaYWFgQ8a8XfboQXXJ%2BKuv9l6R3l3Yl6C%2Bwll8p3pkbRSrA%2BaTIyRMjBdjwuihmepGCoQoqnR%2FZIInDOn%2FTtHbH3HAD0KyEv9QbbPfaxJXYWozyN2IafbOZqCE3LbT4C9dB2CqarsLAAA%2FK2iFr%2BmLc%2FLb4C3iIiOg9WJCe6JAB0Zxc6SHJY4HZ9p5Te2vFTgRjSSCwAURq0wWsRks5FA66N2qfu%2Fwo87ZQm92jVxxIJ6MFatGhvuBOCoangBVoHzwoSk%2F%2BhWJgz8SO4cLX2I16MN7MARfYXRhGApf9Q4nzVPNtnVLCE7nUztxMIaIjYQie1%2F1A7j8rHQnEBV9oJyi70B%2B1VR6YoA6SCVRhzPi5iAgpyEzKJH2OakhtxoV6VzLtc16Tpga8L038iUTq2XsKKeXPv%2FQ6Ec26Q7nxOQglrwGd%2Bn4SPrx5IWHmOWQdFmMP%2Fb6CsKXN9lYfOHb2rcSzlblFS0YnbicbU2WBJabT6Ra8AIelUDu4ZJy3LAVo0Xw6BE80r27DBSCucW%2FLg3%2Bwi6Vj7%2BNw%2F3ElEYW63RJNKRORmUuDgK3eRNAaRR%2FtenTOz4gOMWYWws0nQLUNhkXYpjDO3uzIBjqXAauHcvVQQgct5PpIakQH0n2nsMVIy%2BdNZYrge1xdMMlV5QukmQdmMfQjf8lKKa7RK1GU6aEMb%2FSv%2Fs4aa18v56kgxmKd9bPxAIBIPBTal6yDL4ZSyOai3iAFrx3KvlpQ9c5N0yVvL5r03VZUCvYs7ytnecDxa%2FUcyzYeOAyzfp1kNhcGrinLkB7KuL7%2FxOX8rhxBMFTxJqs%3D&X-Amz-SignedHeaders=host&X-Amz-Signature=e9cd494bbe26429a2b5d82a0939d21fe4e4134237d0c8957d81ed6774e10b8f8"}}}
[discovery:debug] http request: PUT https://prod-magicleap-dotlapse-artefact-v1.s3.amazonaws.com/org-2827339/01K9ZPEJMFEYRM5XQ31KA2A13Q/619c4550-dbd6-404e-92ee-4a3fa45a6ed6/dom/Home%20Page%20-%20Full%20View_e80d3a46-6862-40df-98ee-4f72bc3dda77.json?X-Amz-Algorithm=AWS4-HMAC-SHA256&X-Amz-Credential=ASIAZMOOJSX64GZGIFOC%2F20251117%2Fus-east-1%2Fs3%2Faws4_request&X-Amz-Date=20251117T142102Z&X-Amz-Expires=900&X-Amz-Security-Token=IQoJb3JpZ2luX2VjEOf%2F%2F%2F%2F%2F%2F%2F%2F%2F%2FwEaCXVzLWVhc3QtMSJIMEYCIQC%2FTttG8LgqBW16a%2B9p22xqDvsAHjZBybb4jFM4h%2F3gbwIhAIVE9H5Esljek5FKjYT54lkOCRxTRg2Jo4oF%2BQUwKTEXKokFCK%2F%2F%2F%2F%2F%2F%2F%2F%2F%2F%2FwEQARoMNjQ1MjE0NjA2ODQ1IgyurxlcP6tZ0QsU3uYq3QT62fbRkoApjEJcAJyoKJVcEG3P0VmpvEK%2Fbd9UKPwXyrn8%2BJEVnP5uiLtjowyX6qCLVjFRd00xXKnXG%2Bfzg3Q4H%2BN59lxcHvjM%2FZ4DMcYKPy6im2DDuLNSXxd0yDkL38WzzMf3xXNmFnHsaY3mfnZJZPK3a81DvbQ8FEMn6ToAM8qJ5CaGfutxFYUzX4a31tJHew3Y%2BXphkFRxSVaYWFgQ8a8XfboQXXJ%2BKuv9l6R3l3Yl6C%2Bwll8p3pkbRSrA%2BaTIyRMjBdjwuihmepGCoQoqnR%2FZIInDOn%2FTtHbH3HAD0KyEv9QbbPfaxJXYWozyN2IafbOZqCE3LbT4C9dB2CqarsLAAA%2FK2iFr%2BmLc%2FLb4C3iIiOg9WJCe6JAB0Zxc6SHJY4HZ9p5Te2vFTgRjSSCwAURq0wWsRks5FA66N2qfu%2Fwo87ZQm92jVxxIJ6MFatGhvuBOCoangBVoHzwoSk%2F%2BhWJgz8SO4cLX2I16MN7MARfYXRhGApf9Q4nzVPNtnVLCE7nUztxMIaIjYQie1%2F1A7j8rHQnEBV9oJyi70B%2B1VR6YoA6SCVRhzPi5iAgpyEzKJH2OakhtxoV6VzLtc16Tpga8L038iUTq2XsKKeXPv%2FQ6Ec26Q7nxOQglrwGd%2Bn4SPrx5IWHmOWQdFmMP%2Fb6CsKXN9lYfOHb2rcSzlblFS0YnbicbU2WBJabT6Ra8AIelUDu4ZJy3LAVo0Xw6BE80r27DBSCucW%2FLg3%2Bwi6Vj7%2BNw%2F3ElEYW63RJNKRORmUuDgK3eRNAaRR%2FtenTOz4gOMWYWws0nQLUNhkXYpjDO3uzIBjqXAauHcvVQQgct5PpIakQH0n2nsMVIy%2BdNZYrge1xdMMlV5QukmQdmMfQjf8lKKa7RK1GU6aEMb%2FSv%2Fs4aa18v56kgxmKd9bPxAIBIPBTal6yDL4ZSyOai3iAFrx3KvlpQ9c5N0yVvL5r03VZUCvYs7ytnecDxa%2FUcyzYeOAyzfp1kNhcGrinLkB7KuL7%2FxOX8rhxBMFTxJqs%3D&X-Amz-SignedHeaders=host&X-Amz-Signature=e9cd494bbe26429a2b5d82a0939d21fe4e4134237d0c8957d81ed6774e10b8f8
[discovery:debug] {"level":30,"time":1763389209036,"pid":19244,"hostname":"DESKTOP-2M3M9D7","reqId":"req-a","req":{"method":"GET","url":"/healthcheck","hostname":"localhost:49152","remoteAddress":"::1","remotePort":52579},"msg":"incoming request"}
[discovery:debug] {"level":30,"time":1763389209036,"pid":19244,"hostname":"DESKTOP-2M3M9D7","reqId":"req-a","res":{"statusCode":200},"responseTime":0.36150000244379044,"msg":"request completed"}
[discovery:debug] {"level":30,"time":1763389209045,"pid":19244,"hostname":"DESKTOP-2M3M9D7","reqId":"req-b","req":{"method":"GET","url":"/healthcheck","hostname":"localhost:49152","remoteAddress":"::1","remotePort":52582},"msg":"incoming request"}
[discovery:debug] {"level":30,"time":1763389209046,"pid":19244,"hostname":"DESKTOP-2M3M9D7","reqId":"req-b","res":{"statusCode":200},"responseTime":0.4716000035405159,"msg":"request completed"}
[discovery:debug] {"level":30,"time":1763389209047,"pid":19244,"hostname":"DESKTOP-2M3M9D7","reqId":"req-c","req":{"method":"GET","url":"/domserializer","hostname":"localhost:49152","remoteAddress":"::1","remotePort":52584},"msg":"incoming request"}
[discovery:debug] {"level":30,"time":1763389209048,"pid":19244,"hostname":"DESKTOP-2M3M9D7","reqId":"req-c","res":{"statusCode":200},"responseTime":0.5802999958395958,"msg":"request completed"}
[discovery:debug] {"level":30,"time":1763389209146,"pid":19244,"hostname":"DESKTOP-2M3M9D7","reqId":"req-d","req":{"method":"POST","url":"/snapshot","hostname":"localhost:49152","remoteAddress":"::1","remotePort":52584},"msg":"incoming request"}
[discovery:debug] http request: GET /sessions/capabilities
[discovery:debug] {"git":{"branch":"master","commitId":"11b6d49","commitMessage":"Merge remote-tracking branch 'origin/master'","commitAuthor":"sammex45","githubURL":"","baselineBranch":""},"config":{"web":{"browsers":["chrome","firefox"],"viewports":[{"width":1920,"height":1080},{"width":1366,"height":768},{"width":1024,"height":768}]},"waitForPageRender":0,"waitForTimeout":1000,"waitForDiscovery":30000,"enableJavaScript":true,"cliEnableJavaScript":true,"scrollTime":8,"allowedHostnames":["localhost","localhost","localhost"],"allowedAssets":[],"smartIgnore":false,"delayedUpload":false,"useGlobalCache":false,"ignoreHTTPSErrors":false,"skipBuildCreation":false,"dedicatedProxyURL":"","geolocation":"","userAgent":"","requestHeaders":{},"allowDuplicateSnapshotNames":false,"useLambdaInternal":false,"useRemoteDiscovery":false,"useExtendedViewport":false,"loadDomContent":false,"showRenderErrors":false},"isStartExec":false,"baselineBuild":""}
[discovery:debug] http response: {"status":404,"headers":{"date":"Mon, 17 Nov 2025 14:21:03 GMT","content-type":"text/plain; charset=utf-8","content-length":"31","connection":"keep-alive","cf-ray":"99ffdf4e9ee2e3c0-LIS","x-content-type-options":"nosniff","cf-cache-status":"DYNAMIC","server":"cloudflare"},"body":{"error":"Session not found"}}
[discovery:debug] Failed to fetch capabilities for sessionId f04c6003079b466cb2c6d4563d28e223: [object Object]
[discovery:debug] {"level":30,"time":1763389209465,"pid":19244,"hostname":"DESKTOP-2M3M9D7","reqId":"req-d","res":{"statusCode":200},"responseTime":319.69189999997616,"msg":"request completed"}
[discovery:debug] http response: {"status":200,"headers":{"x-amz-id-2":"jeVhnF7rIkI5SM1n429Am6ydn/U4gS9YWEbi6JoZNXK9MEFCzVCmt5CNL3L1DTp6s9B1nW8Dn0s=","x-amz-request-id":"SY1SC459555A0FB6","date":"Mon, 17 Nov 2025 14:21:15 GMT","x-amz-version-id":"THWAo5YfM4EmCbhpqu.xGGNL7QcLpvny","x-amz-expiration":"expiry-date=\"Wed, 18 Nov 2026 00:00:00 GMT\", rule-id=\"tf-s3-lifecycle-20230128083555273900000001\"","x-amz-server-side-encryption":"AES256","etag":"\"69a15ae6ee56ced17e9031b1babe67c7\"","x-amz-checksum-crc64nvme":"0poTvSx+rcs=","x-amz-checksum-type":"FULL_OBJECT","content-length":"0","server":"AmazonS3"},"body":""}
[discovery:debug] http request: POST /build/619c4550-dbd6-404e-92ee-4a3fa45a6ed6/snapshot
[discovery:debug] {"name":"Home Page - Full View","url":"http://localhost:3000/","snapshotUuid":"e80d3a46-6862-40df-98ee-4f72bc3dda77","variantCount":6,"test":{"type":"js-selenium-driver","source":"cli"},"discoveryErrors":{"name":"Home Page - Full View","url":"http://localhost:3000/","timestamp":"","snapshotUUID":"","browsers":{}},"sync":false}
[discovery:debug] http response: {"status":200,"headers":{"date":"Mon, 17 Nov 2025 14:21:16 GMT","content-type":"application/json","content-length":"31","connection":"keep-alive","cf-ray":"99ffdf9a1de673a9-JNB","access-control-allow-methods":"GET, POST, PUT, OPTIONS,PATCH","access-control-allow-headers":"Pragma,DNT,X-CustomHeader,Keep-Alive,User-Agent,X-Requested-With,If-Modified-Since,Cache-Control,Content-Type,Content-Range,Range,Authorization,username,traceparent,tracestate","access-control-expose-headers":"Pragma,DNT,X-CustomHeader,Keep-Alive,User-Agent,X-Requested-With,If-Modified-Since,Cache-Control,Content-Type,Content-Range,Range","cf-cache-status":"DYNAMIC","server":"cloudflare"},"body":{"data":{"message":"success"}}}
[discovery:debug] ContextId: undefined status set to uploaded
[discovery:debug] Closed browser page for snapshot Home Page - Full View
[discovery:debug] Closed browser context for snapshot Home Page - Full View
[discovery:debug] Using local discovery
[discovery:debug] Processing snapshot Home Page - Scrolled View http://localhost:3000/
[discovery:debug] Browser context created with options {"javaScriptEnabled":true,"ignoreHTTPSErrors":false,"userAgent":"Mozilla/5.0 (Windows NT 10.0; Win64; x64) AppleWebKit/537.36 (KHTML, like Gecko) Chrome/123.0.6312.107 Safari/537.3"}
[discovery:debug] Snapshot options: {"sessionId":"f04c6003079b466cb2c6d4563d28e223"}
[discovery:debug] Processed options: {"sessionId":"f04c6003079b466cb2c6d4563d28e223"}
[discovery:debug] Page resized to 1920x1080
[discovery:debug] globalViewport : 1920x1080
[discovery:debug] Handling request http://localhost:3000/
 - skipping root resource
[discovery:debug] Resource not found in cache or global cache http://localhost:3000/static/js/bundle.js fetching from server
[discovery:debug] Handling request http://localhost:3000/static/js/bundle.js
 - content-type application/javascript; charset=utf-8
[discovery:debug] Navigated to http://localhost:3000/
[discovery:debug] Network idle 500ms
[discovery:debug] Processed options: {"sessionId":"f04c6003079b466cb2c6d4563d28e223"}
[discovery:debug] Page resized to 1366x768
[discovery:debug] globalViewport : 1366x768
[discovery:debug] Network idle 500ms
[discovery:debug] Processed options: {"sessionId":"f04c6003079b466cb2c6d4563d28e223"}
[discovery:debug] Page resized to 1024x768
[discovery:debug] globalViewport : 1024x768
[discovery:debug] Network idle 500ms
[discovery:debug] Processed options: {"sessionId":"f04c6003079b466cb2c6d4563d28e223"}
[discovery:debug] Uploading dom to S3 for snapshot using presigned URL
[discovery:debug] http request: POST /snapshotuploadurl
[discovery:debug] {"buildId":"619c4550-dbd6-404e-92ee-4a3fa45a6ed6","snapshotName":"Home Page - Scrolled View","snapshotUuid":"44b2dc56-627a-4ca3-b0da-7743057f0b4b"}
[discovery:debug] {"buildId":"619c4550-dbd6-404e-92ee-4a3fa45a6ed6","snapshotName":"Home Page - Scrolled View","snapshotUuid":"44b2dc56-627a-4ca3-b0da-7743057f0b4b"}
[discovery:debug] http response: {"status":200,"headers":{"date":"Mon, 17 Nov 2025 14:21:20 GMT","content-type":"application/json","transfer-encoding":"chunked","connection":"keep-alive","cf-ray":"99ffdfb6688a73a9-JNB","access-control-allow-methods":"GET, POST, PUT, OPTIONS,PATCH","access-control-allow-headers":"Pragma,DNT,X-CustomHeader,Keep-Alive,User-Agent,X-Requested-With,If-Modified-Since,Cache-Control,Content-Type,Content-Range,Range,Authorization,username,traceparent,tracestate","access-control-expose-headers":"Pragma,DNT,X-CustomHeader,Keep-Alive,User-Agent,X-Requested-With,If-Modified-Since,Cache-Control,Content-Type,Content-Range,Range","cf-cache-status":"DYNAMIC","vary":"accept-encoding","server":"cloudflare"},"body":{"data":{"url":"https://prod-magicleap-dotlapse-artefact-v1.s3.amazonaws.com/org-2827339/01K9ZPEJMFEYRM5XQ31KA2A13Q/619c4550-dbd6-404e-92ee-4a3fa45a6ed6/dom/Home%20Page%20-%20Scrolled%20View_44b2dc56-627a-4ca3-b0da-7743057f0b4b.json?X-Amz-Algorithm=AWS4-HMAC-SHA256&X-Amz-Credential=ASIAZMOOJSX6YYQGD6QY%2F20251117%2Fus-east-1%2Fs3%2Faws4_request&X-Amz-Date=20251117T142119Z&X-Amz-Expires=900&X-Amz-Security-Token=IQoJb3JpZ2luX2VjEOf%2F%2F%2F%2F%2F%2F%2F%2F%2F%2FwEaCXVzLWVhc3QtMSJGMEQCIEQ5DLD%2BUghHDJXzbIRFJQKVLySddgvYr9qowVfT7O%2BjAiBfExoRhgo4mHqM%2F%2BdYOnJLxj68KBcwKp0y9rA2Wrj91iqJBQiv%2F%2F%2F%2F%2F%2F%2F%2F%2F%2F8BEAEaDDY0NTIxNDYwNjg0NSIM69c9V57wWJ7R1pdOKt0EGsf9UPABkj2ZhdxjJIMfOvrAqrStt2tsUVELxTkDtFkAc5DAx%2BmOcb7cuWcdxUfVkzmB3Sq0f8X8xEE3jkYtu%2BlixlstwkDwB9gaS9NT%2FCbZC4EDkDtzGNCnT5dJq27QB2rb%2FhrjNViVLUNoW8%2BZT3rt49ZDpB%2BbCTGMlCiaSq9294cB6EXlKq3%2Bdfn7hhWYs8vRMxs6rZiVdDsbiOjKUSxeUMc%2B0RcRHvJjM%2FxUjBfosdhfpK%2BMrueshfDyKGIzTHt4MZYqLhZ02bxqEH1SwBBH0HxKpI4ZRLhaATD8Rp%2BOzeuqm8OlqlaH6iiV0AOox%2BDJplNKLgVWSpRY0%2B6FL%2F3CjIrQFfxSB8pbUyoSFNB4Hj6gw%2B2N7SDSuwk3lTiwku3e9Y0VYpCoV9d9DZ8cNKKsSK5aq7FOHA%2BGTRMX5QekJAPjw2UYKIvvDZc3oa7TPSOKs0%2F36kc86LL1D0ndmFmrrjIZpw%2BFLjsjGi69F1i0FNSl0fhVUTq4MIECHQYdLwc%2F4EUnmgkHZLoTDpEHAVwDUc5t1XY7v5bJIbAcvap2LIpBU5vJd%2B5nONQh342LiHYovGzbGrW0XrRcY1drmVu3C2mCjJ0suv42ojoAdUY3exnPWWiUoDJH4Zktvf%2BjweIYKgNyRD3SbMsB%2BO7YRljAK9ZdUAT5UrbeQu2xc69%2FdGqIosEL6f1gIhZB0P9nidPWjFVy%2Fs%2Fe177q9Xl6x5noLTLfrH6H92rDkIHemXRJL4LXHgpmhE1TiToDNvrS4%2BrNcqGSB98vpktGnKIhyvpWYjqTFXnXUa3ZYZ4w397syAY6mQFTv96w7afB2Xlmfu8%2FPQVAmM7QfF1swVmKeLYRnekPZpo%2Bw2xLR0FJ%2FzmnwzkISu%2BT7hI5BgTz2pw8mp%2BWqUVBE2d04OIqudYxSaVbKyTq6OR9zOGWIbV%2FPj72qMObOIjouah7xADKwLglXKGx%2FMTqhTE4apBSy4wqqKPAcVYio3m05uzQDCZFH2gXIUZwvtsoprcyJdNEiXI%3D&X-Amz-SignedHeaders=host&X-Amz-Signature=eccf6116c6b259a7f78a1913c4e88b765132040ceeaf65521d32f338b03753eb"}}}
[discovery:debug] http request: PUT https://prod-magicleap-dotlapse-artefact-v1.s3.amazonaws.com/org-2827339/01K9ZPEJMFEYRM5XQ31KA2A13Q/619c4550-dbd6-404e-92ee-4a3fa45a6ed6/dom/Home%20Page%20-%20Scrolled%20View_44b2dc56-627a-4ca3-b0da-7743057f0b4b.json?X-Amz-Algorithm=AWS4-HMAC-SHA256&X-Amz-Credential=ASIAZMOOJSX6YYQGD6QY%2F20251117%2Fus-east-1%2Fs3%2Faws4_request&X-Amz-Date=20251117T142119Z&X-Amz-Expires=900&X-Amz-Security-Token=IQoJb3JpZ2luX2VjEOf%2F%2F%2F%2F%2F%2F%2F%2F%2F%2FwEaCXVzLWVhc3QtMSJGMEQCIEQ5DLD%2BUghHDJXzbIRFJQKVLySddgvYr9qowVfT7O%2BjAiBfExoRhgo4mHqM%2F%2BdYOnJLxj68KBcwKp0y9rA2Wrj91iqJBQiv%2F%2F%2F%2F%2F%2F%2F%2F%2F%2F8BEAEaDDY0NTIxNDYwNjg0NSIM69c9V57wWJ7R1pdOKt0EGsf9UPABkj2ZhdxjJIMfOvrAqrStt2tsUVELxTkDtFkAc5DAx%2BmOcb7cuWcdxUfVkzmB3Sq0f8X8xEE3jkYtu%2BlixlstwkDwB9gaS9NT%2FCbZC4EDkDtzGNCnT5dJq27QB2rb%2FhrjNViVLUNoW8%2BZT3rt49ZDpB%2BbCTGMlCiaSq9294cB6EXlKq3%2Bdfn7hhWYs8vRMxs6rZiVdDsbiOjKUSxeUMc%2B0RcRHvJjM%2FxUjBfosdhfpK%2BMrueshfDyKGIzTHt4MZYqLhZ02bxqEH1SwBBH0HxKpI4ZRLhaATD8Rp%2BOzeuqm8OlqlaH6iiV0AOox%2BDJplNKLgVWSpRY0%2B6FL%2F3CjIrQFfxSB8pbUyoSFNB4Hj6gw%2B2N7SDSuwk3lTiwku3e9Y0VYpCoV9d9DZ8cNKKsSK5aq7FOHA%2BGTRMX5QekJAPjw2UYKIvvDZc3oa7TPSOKs0%2F36kc86LL1D0ndmFmrrjIZpw%2BFLjsjGi69F1i0FNSl0fhVUTq4MIECHQYdLwc%2F4EUnmgkHZLoTDpEHAVwDUc5t1XY7v5bJIbAcvap2LIpBU5vJd%2B5nONQh342LiHYovGzbGrW0XrRcY1drmVu3C2mCjJ0suv42ojoAdUY3exnPWWiUoDJH4Zktvf%2BjweIYKgNyRD3SbMsB%2BO7YRljAK9ZdUAT5UrbeQu2xc69%2FdGqIosEL6f1gIhZB0P9nidPWjFVy%2Fs%2Fe177q9Xl6x5noLTLfrH6H92rDkIHemXRJL4LXHgpmhE1TiToDNvrS4%2BrNcqGSB98vpktGnKIhyvpWYjqTFXnXUa3ZYZ4w397syAY6mQFTv96w7afB2Xlmfu8%2FPQVAmM7QfF1swVmKeLYRnekPZpo%2Bw2xLR0FJ%2FzmnwzkISu%2BT7hI5BgTz2pw8mp%2BWqUVBE2d04OIqudYxSaVbKyTq6OR9zOGWIbV%2FPj72qMObOIjouah7xADKwLglXKGx%2FMTqhTE4apBSy4wqqKPAcVYio3m05uzQDCZFH2gXIUZwvtsoprcyJdNEiXI%3D&X-Amz-SignedHeaders=host&X-Amz-Signature=eccf6116c6b259a7f78a1913c4e88b765132040ceeaf65521d32f338b03753eb
[discovery:debug] http response: {"status":200,"headers":{"x-amz-id-2":"99BCBVNkcmeXQkDd/SE7Exm5EWuZwvQUdoNkKuVByuLpnZ5L3Hv5PibiWGfvDb+KyRXkn8kzujJgJ3poGTBQO0RhfUEWxt46+qGivWl45ZU=","x-amz-request-id":"K6C709CFQN6917XP","date":"Mon, 17 Nov 2025 14:21:30 GMT","x-amz-version-id":"k0Aspn8w80jAWe0Fscnw1pDiEiCupgco","x-amz-expiration":"expiry-date=\"Wed, 18 Nov 2026 00:00:00 GMT\", rule-id=\"tf-s3-lifecycle-20230128083555273900000001\"","x-amz-server-side-encryption":"AES256","etag":"\"ee4ff00d54a00a14ede75db9542c8a59\"","x-amz-checksum-crc64nvme":"yWD7CGyartQ=","x-amz-checksum-type":"FULL_OBJECT","content-length":"0","server":"AmazonS3"},"body":""}
[discovery:debug] http request: POST /build/619c4550-dbd6-404e-92ee-4a3fa45a6ed6/snapshot
[discovery:debug] {"name":"Home Page - Scrolled View","url":"http://localhost:3000/","snapshotUuid":"44b2dc56-627a-4ca3-b0da-7743057f0b4b","variantCount":6,"test":{"type":"js-selenium-driver","source":"cli"},"discoveryErrors":{"name":"Home Page - Scrolled View","url":"http://localhost:3000/","timestamp":"","snapshotUUID":"","browsers":{}},"sync":false}
[discovery:debug] http response: {"status":200,"headers":{"date":"Mon, 17 Nov 2025 14:21:31 GMT","content-type":"application/json","content-length":"31","connection":"keep-alive","cf-ray":"99ffdff79a9c73ae-JNB","access-control-allow-methods":"GET, POST, PUT, OPTIONS,PATCH","access-control-allow-headers":"Pragma,DNT,X-CustomHeader,Keep-Alive,User-Agent,X-Requested-With,If-Modified-Since,Cache-Control,Content-Type,Content-Range,Range,Authorization,username,traceparent,tracestate","access-control-expose-headers":"Pragma,DNT,X-CustomHeader,Keep-Alive,User-Agent,X-Requested-With,If-Modified-Since,Cache-Control,Content-Type,Content-Range,Range","cf-cache-status":"DYNAMIC","server":"cloudflare"},"body":{"data":{"message":"success"}}}
[discovery:debug] ContextId: undefined status set to uploaded
[discovery:debug] Closed browser page for snapshot Home Page - Scrolled View
[discovery:debug] Closed browser context for snapshot Home Page - Scrolled View
[discovery:debug] Using local discovery
[discovery:debug] Processing snapshot Home Page - Top View http://localhost:3000/
[discovery:debug] Browser context created with options {"javaScriptEnabled":true,"ignoreHTTPSErrors":false,"userAgent":"Mozilla/5.0 (Windows NT 10.0; Win64; x64) AppleWebKit/537.36 (KHTML, like Gecko) Chrome/123.0.6312.107 Safari/537.3"}
[discovery:debug] Snapshot options: {"sessionId":"f04c6003079b466cb2c6d4563d28e223"}
[discovery:debug] Processed options: {"sessionId":"f04c6003079b466cb2c6d4563d28e223"}
[discovery:debug] Page resized to 1920x1080
[discovery:debug] globalViewport : 1920x1080
[discovery:debug] Handling request http://localhost:3000/
 - skipping root resource
[discovery:debug] Resource not found in cache or global cache http://localhost:3000/static/js/bundle.js fetching from server
[discovery:debug] Handling request http://localhost:3000/static/js/bundle.js
 - content-type application/javascript; charset=utf-8
[discovery:debug] Navigated to http://localhost:3000/
[discovery:debug] Network idle 500ms
[discovery:debug] Processed options: {"sessionId":"f04c6003079b466cb2c6d4563d28e223"}
[discovery:debug] Page resized to 1366x768
[discovery:debug] globalViewport : 1366x768
[discovery:debug] Network idle 500ms
[discovery:debug] Processed options: {"sessionId":"f04c6003079b466cb2c6d4563d28e223"}
[discovery:debug] Page resized to 1024x768
[discovery:debug] globalViewport : 1024x768
[discovery:debug] Network idle 500ms
[discovery:debug] Processed options: {"sessionId":"f04c6003079b466cb2c6d4563d28e223"}
[discovery:debug] Uploading dom to S3 for snapshot using presigned URL
[discovery:debug] http request: POST /snapshotuploadurl
[discovery:debug] {"buildId":"619c4550-dbd6-404e-92ee-4a3fa45a6ed6","snapshotName":"Home Page - Top View","snapshotUuid":"73ccdc12-61e0-45b7-aa51-1bc187c7fd3c"}
[discovery:debug] {"buildId":"619c4550-dbd6-404e-92ee-4a3fa45a6ed6","snapshotName":"Home Page - Top View","snapshotUuid":"73ccdc12-61e0-45b7-aa51-1bc187c7fd3c"}
[discovery:debug] http response: {"status":200,"headers":{"date":"Mon, 17 Nov 2025 14:21:34 GMT","content-type":"application/json","transfer-encoding":"chunked","connection":"keep-alive","cf-ray":"99ffe0138ef573ae-JNB","access-control-allow-methods":"GET, POST, PUT, OPTIONS,PATCH","access-control-allow-headers":"Pragma,DNT,X-CustomHeader,Keep-Alive,User-Agent,X-Requested-With,If-Modified-Since,Cache-Control,Content-Type,Content-Range,Range,Authorization,username,traceparent,tracestate","access-control-expose-headers":"Pragma,DNT,X-CustomHeader,Keep-Alive,User-Agent,X-Requested-With,If-Modified-Since,Cache-Control,Content-Type,Content-Range,Range","cf-cache-status":"DYNAMIC","vary":"accept-encoding","server":"cloudflare"},"body":{"data":{"url":"https://prod-magicleap-dotlapse-artefact-v1.s3.amazonaws.com/org-2827339/01K9ZPEJMFEYRM5XQ31KA2A13Q/619c4550-dbd6-404e-92ee-4a3fa45a6ed6/dom/Home%20Page%20-%20Top%20View_73ccdc12-61e0-45b7-aa51-1bc187c7fd3c.json?X-Amz-Algorithm=AWS4-HMAC-SHA256&X-Amz-Credential=ASIAZMOOJSX654GQWDPI%2F20251117%2Fus-east-1%2Fs3%2Faws4_request&X-Amz-Date=20251117T142134Z&X-Amz-Expires=900&X-Amz-Security-Token=IQoJb3JpZ2luX2VjEOf%2F%2F%2F%2F%2F%2F%2F%2F%2F%2FwEaCXVzLWVhc3QtMSJIMEYCIQCAWSiHKQ1olVv9B5FA510PgDp4R6TLyNd1ZAHHxkQjRAIhAIvZjsFTZliYViDe4bQj6vNfSHqcFv68o4ymSrHpeQXBKokFCK%2F%2F%2F%2F%2F%2F%2F%2F%2F%2F%2FwEQARoMNjQ1MjE0NjA2ODQ1IgxL%2B%2FWPJTdg61GWUiIq3QRRHezZuDOiyOJRHEOYWNCcjijjMZYfc0bxFYFOLPvXXDIAWtlQyFCyfmJOR0%2F%2FVjNBpIqY%2BNDNDwyqzwIgoztcXUUAzPSqKFYIfA0cXSonot8j1cYp9s9BqbgA5TyxEnvTkQ3hebYtxkwN6GvhPOgc1jeDNwHLsVXkZ8K4HmvhXcvVlOwBG2dYiKB5gqsD%2BZBN%2BQDwZbc7M7kHFjBCGw6vYcDMN7xCWVaLmsdVDCVg1PRTFg7EW4EUjZPwrNzHzafNtkE0tx0gqW9vEO8G9YOT6plxbftN8oLEEV50OH5VxtYgMtcUjAr%2BIZdekpWyQApXRCc%2ByHtmgV414m%2FoIBP5HRxaQFt549R3VPrFnYQqhdGsmx%2B0YFUt17vBBvRfAy07riJlH4%2FS3Ke9TDx7mXROxlucgOqIvs84OP2%2BAzfa%2BaX%2BW8QJxLttcie2JU6ibX%2BM1mBDZKSD7SX8GLM7Kynf7vGrXBq8dlrCz8aG%2FXhWlEJ25E%2F%2BXjzoJH8uM2pAQsW2XhLpJSYPVesB7uO8goIH1k8%2FcEVL9bAZAsW5YZ%2BeUyGVwtalKeh87YTJZLDEQiMC4mKr%2BNR9uTvqmAMomU7Lf35oOafH1N%2Bn06v5z2Ge5qzxaHwOoRgHO0l7Bph7q%2Bid1ZVnbXSAtfiLvZE5K4%2Fr9Yh5yYHL675krKrx83bDawnOf92VgxBw9k7Xp9QGciO5%2BLAhLh5qog0Ku72cPWh2lugitl%2BkBU%2F%2FOzqMvmeiqYj%2BQ7yP375FUsKuxcP7vWV6m%2FJ1ueTKs9Z9C0t6h488YrQ%2FOL1Q4iboB%2BhrzjDu3uzIBjqXAU9bPHyf2S2T%2FwYS%2BjrVrf3YVbsb7Kigder%2FhMI8C1TS57MZ9Vv8IxywTBCw7imK9DS9i7W8YXTuXfIqL5wYsbhIIdfsqFHaEqOL%2FQ129yCmTe11p%2BOKrsLyDl%2FbmB0uPukSThC%2Bhi9tSBKyUeWTf3C65MAfxPQK5TCsrYcyqryRROXKpLFd73cMK%2BRJOKXffMnreLoZFIU%3D&X-Amz-SignedHeaders=host&X-Amz-Signature=f98d3332c011db0be2ebefac9dda08be8b909ab75a0f3a1e71019709d8ba76f4"}}}
[discovery:debug] http request: PUT https://prod-magicleap-dotlapse-artefact-v1.s3.amazonaws.com/org-2827339/01K9ZPEJMFEYRM5XQ31KA2A13Q/619c4550-dbd6-404e-92ee-4a3fa45a6ed6/dom/Home%20Page%20-%20Top%20View_73ccdc12-61e0-45b7-aa51-1bc187c7fd3c.json?X-Amz-Algorithm=AWS4-HMAC-SHA256&X-Amz-Credential=ASIAZMOOJSX654GQWDPI%2F20251117%2Fus-east-1%2Fs3%2Faws4_request&X-Amz-Date=20251117T142134Z&X-Amz-Expires=900&X-Amz-Security-Token=IQoJb3JpZ2luX2VjEOf%2F%2F%2F%2F%2F%2F%2F%2F%2F%2FwEaCXVzLWVhc3QtMSJIMEYCIQCAWSiHKQ1olVv9B5FA510PgDp4R6TLyNd1ZAHHxkQjRAIhAIvZjsFTZliYViDe4bQj6vNfSHqcFv68o4ymSrHpeQXBKokFCK%2F%2F%2F%2F%2F%2F%2F%2F%2F%2F%2FwEQARoMNjQ1MjE0NjA2ODQ1IgxL%2B%2FWPJTdg61GWUiIq3QRRHezZuDOiyOJRHEOYWNCcjijjMZYfc0bxFYFOLPvXXDIAWtlQyFCyfmJOR0%2F%2FVjNBpIqY%2BNDNDwyqzwIgoztcXUUAzPSqKFYIfA0cXSonot8j1cYp9s9BqbgA5TyxEnvTkQ3hebYtxkwN6GvhPOgc1jeDNwHLsVXkZ8K4HmvhXcvVlOwBG2dYiKB5gqsD%2BZBN%2BQDwZbc7M7kHFjBCGw6vYcDMN7xCWVaLmsdVDCVg1PRTFg7EW4EUjZPwrNzHzafNtkE0tx0gqW9vEO8G9YOT6plxbftN8oLEEV50OH5VxtYgMtcUjAr%2BIZdekpWyQApXRCc%2ByHtmgV414m%2FoIBP5HRxaQFt549R3VPrFnYQqhdGsmx%2B0YFUt17vBBvRfAy07riJlH4%2FS3Ke9TDx7mXROxlucgOqIvs84OP2%2BAzfa%2BaX%2BW8QJxLttcie2JU6ibX%2BM1mBDZKSD7SX8GLM7Kynf7vGrXBq8dlrCz8aG%2FXhWlEJ25E%2F%2BXjzoJH8uM2pAQsW2XhLpJSYPVesB7uO8goIH1k8%2FcEVL9bAZAsW5YZ%2BeUyGVwtalKeh87YTJZLDEQiMC4mKr%2BNR9uTvqmAMomU7Lf35oOafH1N%2Bn06v5z2Ge5qzxaHwOoRgHO0l7Bph7q%2Bid1ZVnbXSAtfiLvZE5K4%2Fr9Yh5yYHL675krKrx83bDawnOf92VgxBw9k7Xp9QGciO5%2BLAhLh5qog0Ku72cPWh2lugitl%2BkBU%2F%2FOzqMvmeiqYj%2BQ7yP375FUsKuxcP7vWV6m%2FJ1ueTKs9Z9C0t6h488YrQ%2FOL1Q4iboB%2BhrzjDu3uzIBjqXAU9bPHyf2S2T%2FwYS%2BjrVrf3YVbsb7Kigder%2FhMI8C1TS57MZ9Vv8IxywTBCw7imK9DS9i7W8YXTuXfIqL5wYsbhIIdfsqFHaEqOL%2FQ129yCmTe11p%2BOKrsLyDl%2FbmB0uPukSThC%2Bhi9tSBKyUeWTf3C65MAfxPQK5TCsrYcyqryRROXKpLFd73cMK%2BRJOKXffMnreLoZFIU%3D&X-Amz-SignedHeaders=host&X-Amz-Signature=f98d3332c011db0be2ebefac9dda08be8b909ab75a0f3a1e71019709d8ba76f4
[discovery:debug] http response: {"status":200,"headers":{"x-amz-id-2":"ixV9dRmokU9/DEH1kFAiK777i0ujihlvnWesPtt2hcioXNzpryO6R1DbxEOGj+CRe1YsmeUKI1U=","x-amz-request-id":"3EABR3Y21KTFARRC","date":"Mon, 17 Nov 2025 14:21:44 GMT","x-amz-version-id":"oEvgAlxbgUHfaoaHvh3ssKNeOKedigh1","x-amz-expiration":"expiry-date=\"Wed, 18 Nov 2026 00:00:00 GMT\", rule-id=\"tf-s3-lifecycle-20230128083555273900000001\"","x-amz-server-side-encryption":"AES256","etag":"\"425fe77bd2d5541a0b9625f78c9891c6\"","x-amz-checksum-crc64nvme":"cw1KvWEXkfQ=","x-amz-checksum-type":"FULL_OBJECT","content-length":"0","server":"AmazonS3"},"body":""}
[discovery:debug] http request: POST /build/619c4550-dbd6-404e-92ee-4a3fa45a6ed6/snapshot
[discovery:debug] {"name":"Home Page - Top View","url":"http://localhost:3000/","snapshotUuid":"73ccdc12-61e0-45b7-aa51-1bc187c7fd3c","variantCount":6,"test":{"type":"js-selenium-driver","source":"cli"},"discoveryErrors":{"name":"Home Page - Top View","url":"http://localhost:3000/","timestamp":"","snapshotUUID":"","browsers":{}},"sync":false}
[discovery:debug] http response: {"status":200,"headers":{"date":"Mon, 17 Nov 2025 14:21:45 GMT","content-type":"application/json","content-length":"31","connection":"keep-alive","cf-ray":"99ffe04ebd7f739c-JNB","access-control-allow-methods":"GET, POST, PUT, OPTIONS,PATCH","access-control-allow-headers":"Pragma,DNT,X-CustomHeader,Keep-Alive,User-Agent,X-Requested-With,If-Modified-Since,Cache-Control,Content-Type,Content-Range,Range,Authorization,username,traceparent,tracestate","access-control-expose-headers":"Pragma,DNT,X-CustomHeader,Keep-Alive,User-Agent,X-Requested-With,If-Modified-Since,Cache-Control,Content-Type,Content-Range,Range","cf-cache-status":"DYNAMIC","server":"cloudflare"},"body":{"data":{"message":"success"}}}
[discovery:debug] ContextId: undefined status set to uploaded
[discovery:debug] Closed browser page for snapshot Home Page - Top View
[discovery:debug] Closed browser context for snapshot Home Page - Top View
[finalizeBuild:debug] http request: DELETE /build
[finalizeBuild:debug] http response: {"status":200,"headers":{"date":"Mon, 17 Nov 2025 14:21:46 GMT","content-type":"application/json","transfer-encoding":"chunked","connection":"keep-alive","access-control-allow-methods":"GET, POST, PUT, OPTIONS,PATCH","access-control-allow-headers":"Pragma,DNT,X-CustomHeader,Keep-Alive,User-Agent,X-Requested-With,If-Modified-Since,Cache-Control,Content-Type,Content-Range,Range,Authorization,username,traceparent,tracestate","access-control-expose-headers":"Pragma,DNT,X-CustomHeader,Keep-Alive,User-Agent,X-Requested-With,If-Modified-Since,Cache-Control,Content-Type,Content-Range,Range","cf-cache-status":"DYNAMIC","server":"cloudflare","cf-ray":"99ffe05adb4f739c-JNB"},"body":{"data":{"message":"Build finalized successfully"}}}
[finalizeBuild:debug] Closed browser
[finalizeBuild:debug] Closed server
[finalizeBuild:debug] Log file to be uploaded
[finalizeBuild:debug] http request: POST /loguploadurl
[finalizeBuild:debug] {"buildId":"619c4550-dbd6-404e-92ee-4a3fa45a6ed6"}
[finalizeBuild:debug] http response: {"status":200,"headers":{"date":"Mon, 17 Nov 2025 14:21:46 GMT","content-type":"application/json","transfer-encoding":"chunked","connection":"keep-alive","cf-ray":"99ffe05e1f6d739c-JNB","access-control-allow-methods":"GET, POST, PUT, OPTIONS,PATCH","access-control-allow-headers":"Pragma,DNT,X-CustomHeader,Keep-Alive,User-Agent,X-Requested-With,If-Modified-Since,Cache-Control,Content-Type,Content-Range,Range,Authorization,username,traceparent,tracestate","access-control-expose-headers":"Pragma,DNT,X-CustomHeader,Keep-Alive,User-Agent,X-Requested-With,If-Modified-Since,Cache-Control,Content-Type,Content-Range,Range","cf-cache-status":"DYNAMIC","vary":"accept-encoding","server":"cloudflare"},"body":{"data":{"url":"https://prod-magicleap-dotlapse-artefact-v1.s3.amazonaws.com/org-2827339/01K9ZPEJMFEYRM5XQ31KA2A13Q/619c4550-dbd6-404e-92ee-4a3fa45a6ed6/cli-bee5f74f-eda2-4ee5-ba31-c1f69327258f.log?X-Amz-Algorithm=AWS4-HMAC-SHA256&X-Amz-Credential=ASIAZMOOJSX6RY765H65%2F20251117%2Fus-east-1%2Fs3%2Faws4_request&X-Amz-Date=20251117T142146Z&X-Amz-Expires=900&X-Amz-Security-Token=IQoJb3JpZ2luX2VjEOf%2F%2F%2F%2F%2F%2F%2F%2F%2F%2FwEaCXVzLWVhc3QtMSJGMEQCIAdvQrdxWI%2BEl3%2FDM2EyHPuZqV%2BjJ1a1RQKH%2BUTuRfb9AiAtEAbUOFt%2F6DnVBr9Tth80Xh3qHALIRCyLt%2BrvbK41LyqJBQiv%2F%2F%2F%2F%2F%2F%2F%2F%2F%2F8BEAEaDDY0NTIxNDYwNjg0NSIMig5O6tV3KwuPkecQKt0EGUj9AqSgYQMb2XCuBu9NySP5gpJdTKSLp9N8JRgQIeoOaSd%2BnROQuboOLw8j3OaFkGPjAYwlKlKwNLp7v554Tdhz0%2Fb51pTTe%2FveAE41HYC4m6qm%2BwWeggSjeJW9rsP7p32UjjqU3DNKr96db6a53fof0DWHTZ1UkjtZjZ0PKBqBs9ZR%2BLBCvVgrw7Z%2BKWemaQJn2yAzYVjo%2BfUXfs52qKvcNsfhFCy%2FLQdiFOydsrGxSfDnEv%2FCRPCpNFYIOeXZCmKPA9qHCIRr2jaZZpTAynmICUENdxZr6ZP6MV5zfH4t98JoQG5WchtsJuQE%2BClFIql1RHmU1hlEaehiZAWgOi9VeWDOXTpdfbpdYGYkJw%2Fp7VXrFZBuUSA2oG%2Ff5PDxRuGk5K9SHUwtY2GK3Yo9uXqZAXAhZFSawRopG6io7%2Funb7umdCoi8Lae%2BBIZYc0sxTEZpZSBR5rD8%2BBry0qw8BwR17yX%2B93j9g2mDZhSTdsHlrBLAWTvPnXyTnc3msxKZsTda7Kt2un8WQHbvryE68X42lR%2Bobdmdzbu%2FdGLAWibRqJVe7UOP6VpLYvA3fyDVR%2Brhxnvg0FU7aW3T2ARhMXW1CU1hNM%2FQosN4HqW6bF7zGevw1%2BwycufJ9OAESy0KIlryq0%2F5DLog9kkj8jaJrdqU%2BnBI50m1rihy%2FaVOGn1pCr%2F4J9GplVcqKT3vf38wzxTKl2i4G7OjPazkolfyy2p6M9RHymBcTummAWlYAT%2BjfaHZp4skjsaEeU%2FWau5sCgiENAyfamkYBgpeUcHS0mqZ9qd4WB%2FwnAt4zIw%2Bt7syAY6mQHndIRYzFsfzZgSZm3io8X19cncp1%2F5tUAIbQJPzbG1EGLe49K7JKHrWK%2FjQfUUiPJfeE7NWLfyNObKuWrGoDn73y0YIGG%2FAkLKJJ%2Bk2V5pEvWXEP5fNVSj4pEqxYXIQQ1I1UvQRHYzkTu%2BpM1nO9Mc4neAQcpzAVrGo3OvyRu6O%2BggJrT5%2BgMgj7fgDz43jYwUZa3ztSsyg2g%3D&X-Amz-SignedHeaders=host&X-Amz-Signature=958276af535ee137633d12ee9e35c8726563e43ae520510b35c8c2f84bc50a98"}}}
[finalizeBuild:debug] http request: PUT https://prod-magicleap-dotlapse-artefact-v1.s3.amazonaws.com/org-2827339/01K9ZPEJMFEYRM5XQ31KA2A13Q/619c4550-dbd6-404e-92ee-4a3fa45a6ed6/cli-bee5f74f-eda2-4ee5-ba31-c1f69327258f.log?X-Amz-Algorithm=AWS4-HMAC-SHA256&X-Amz-Credential=ASIAZMOOJSX6RY765H65%2F20251117%2Fus-east-1%2Fs3%2Faws4_request&X-Amz-Date=20251117T142146Z&X-Amz-Expires=900&X-Amz-Security-Token=IQoJb3JpZ2luX2VjEOf%2F%2F%2F%2F%2F%2F%2F%2F%2F%2FwEaCXVzLWVhc3QtMSJGMEQCIAdvQrdxWI%2BEl3%2FDM2EyHPuZqV%2BjJ1a1RQKH%2BUTuRfb9AiAtEAbUOFt%2F6DnVBr9Tth80Xh3qHALIRCyLt%2BrvbK41LyqJBQiv%2F%2F%2F%2F%2F%2F%2F%2F%2F%2F8BEAEaDDY0NTIxNDYwNjg0NSIMig5O6tV3KwuPkecQKt0EGUj9AqSgYQMb2XCuBu9NySP5gpJdTKSLp9N8JRgQIeoOaSd%2BnROQuboOLw8j3OaFkGPjAYwlKlKwNLp7v554Tdhz0%2Fb51pTTe%2FveAE41HYC4m6qm%2BwWeggSjeJW9rsP7p32UjjqU3DNKr96db6a53fof0DWHTZ1UkjtZjZ0PKBqBs9ZR%2BLBCvVgrw7Z%2BKWemaQJn2yAzYVjo%2BfUXfs52qKvcNsfhFCy%2FLQdiFOydsrGxSfDnEv%2FCRPCpNFYIOeXZCmKPA9qHCIRr2jaZZpTAynmICUENdxZr6ZP6MV5zfH4t98JoQG5WchtsJuQE%2BClFIql1RHmU1hlEaehiZAWgOi9VeWDOXTpdfbpdYGYkJw%2Fp7VXrFZBuUSA2oG%2Ff5PDxRuGk5K9SHUwtY2GK3Yo9uXqZAXAhZFSawRopG6io7%2Funb7umdCoi8Lae%2BBIZYc0sxTEZpZSBR5rD8%2BBry0qw8BwR17yX%2B93j9g2mDZhSTdsHlrBLAWTvPnXyTnc3msxKZsTda7Kt2un8WQHbvryE68X42lR%2Bobdmdzbu%2FdGLAWibRqJVe7UOP6VpLYvA3fyDVR%2Brhxnvg0FU7aW3T2ARhMXW1CU1hNM%2FQosN4HqW6bF7zGevw1%2BwycufJ9OAESy0KIlryq0%2F5DLog9kkj8jaJrdqU%2BnBI50m1rihy%2FaVOGn1pCr%2F4J9GplVcqKT3vf38wzxTKl2i4G7OjPazkolfyy2p6M9RHymBcTummAWlYAT%2BjfaHZp4skjsaEeU%2FWau5sCgiENAyfamkYBgpeUcHS0mqZ9qd4WB%2FwnAt4zIw%2Bt7syAY6mQHndIRYzFsfzZgSZm3io8X19cncp1%2F5tUAIbQJPzbG1EGLe49K7JKHrWK%2FjQfUUiPJfeE7NWLfyNObKuWrGoDn73y0YIGG%2FAkLKJJ%2Bk2V5pEvWXEP5fNVSj4pEqxYXIQQ1I1UvQRHYzkTu%2BpM1nO9Mc4neAQcpzAVrGo3OvyRu6O%2BggJrT5%2BgMgj7fgDz43jYwUZa3ztSsyg2g%3D&X-Amz-SignedHeaders=host&X-Amz-Signature=958276af535ee137633d12ee9e35c8726563e43ae520510b35c8c2f84bc50a98
[finalizeBuild:debug] {"fd":null,"path":".smartui.log","flags":"r","mode":438,"end":null,"bytesRead":0,"_events":{},"_readableState":{"highWaterMark":65536,"buffer":[],"bufferIndex":0,"length":0,"pipes":[],"awaitDrainWriters":null},"_eventsCount":1}
[finalizeBuild:debug] http response: {"status":200,"headers":{"x-amz-id-2":"gxMX12Hw1R7FKAbAq3KRZkjKQBgmz3N/SMeM8g+swkK3gWkaTslFn673iotsKiMqMy4w5pIGsdw=","x-amz-request-id":"M6N7FKP9PYDHRBM7","date":"Mon, 17 Nov 2025 14:21:48 GMT","x-amz-version-id":"7paPb8fAnC7Zx6Y4i8xNrXj3gY6BMoWx","x-amz-expiration":"expiry-date=\"Wed, 18 Nov 2026 00:00:00 GMT\", rule-id=\"tf-s3-lifecycle-20230128083555273900000001\"","x-amz-server-side-encryption":"AES256","etag":"\"c183f2be336c45ef2d1c7d923838831d\"","x-amz-checksum-crc64nvme":"Q5WkWdFkHxk=","x-amz-checksum-type":"FULL_OBJECT","content-length":"0","server":"AmazonS3"},"body":""}
